// Jest Snapshot v1, https://goo.gl/fbAQLP

exports[`Breadcrumbs should match snapshot 1`] = `
<div>
  <div
    class="css-1ftilwj-Breadcrumbs"
  >
    <svg
      class="css-idskw5"
      fill="currentColor"
      height="1em"
      stroke="currentColor"
      stroke-width="0"
      viewBox="0 0 24 24"
      width="1em"
      xmlns="http://www.w3.org/2000/svg"
    >
      <path
        d="M0 0h24v24H0z"
        fill="none"
      />
      <path
        d="M10 6L8.59 7.41 13.17 12l-4.58 4.59L10 18l6-6z"
      />
    </svg>
    <a
      class="css-24yqdl"
      href="https://example.com"
    >
      <span
        class="css-sgxrce-Text"
      >
        test
      </span>
    </a>
  </div>
</div>
`;
